// Jest Snapshot v1, https://goo.gl/fbAQLP

exports[`Renders TripSorterProvider component and checks for children's inital UI state 1`] = `
<div>
  Loading...
</div>
`;
